{
  "logic_id": "logic_099_example_generic",
  "org_id": "60020606976",
  "period": "2025-01"
}


